,polymer_name,smiles
0,PProDOT-Ph,CC1=CC=C(C=C1)C2=C3C(=C(C)S2)OCC(CO)(CO3)CO[*7a]
1,PProDOT-Ph(OMe)z,CC1=C2C(=C(C3=C(C=C(C(=C3)OC)OC)OC)S1)OCC(CO)(CO)CO2
2,PProDOTz-Ph,CC1=C2C(=C(C3=CC=C(C=C3)C4=C5C(=C(C)S4)OCC(CO)(CO5)C[*9a])S1)OCC(CO)(CO2)C[*20a]
3,PAcDOTz-Ph,CC1=C(C(=C(C2=CC=C(C=C2)C3=C(C(=C(C)S3)O)[*6])S1)O[*9a])O
4,PAcDOT2-Ph(OMe)2,CC1=C(C(=C(C2=CC(=C(C=C2OC)C3=C(C(=C(C)S3)[*20a])O)OC)S1)O)O
5,PProDOTz-Ph(OMel2,CC1=C2C(=C(C3=CC(=C(C=C3OC)C4=C5C(=C(C)S4)OCC(CO)(CO5)C[*9a])OC)S1)OCC(CO2)(CO[*9a])C[*6]
6,PAcDOTzIProDOTz-Ph(OMelz,CC1=C2C(=C(C3=CC(=C(C=C3OC)C4=C5C(=C(C6=C(C(=C(C7=CC(=C(C=C7OC)C8=C(C(=C(C)S8)O[*7a])O)OC)S6)[*2])O)S4)OCC(CO)(CO5)C[*20a])OC)S1)OCC(CO2)(C[*8])C[*]
